components/ErrorBoundary.tsx(18,10): error TS2339: Property 'state' does not exist on type 'ErrorBoundary'.
components/ErrorBoundary.tsx(30,10): error TS2339: Property 'setState' does not exist on type 'ErrorBoundary'.
components/ErrorBoundary.tsx(31,10): error TS2339: Property 'props' does not exist on type 'ErrorBoundary'.
components/ErrorBoundary.tsx(39,14): error TS2339: Property 'state' does not exist on type 'ErrorBoundary'.
components/ErrorBoundary.tsx(40,26): error TS2339: Property 'props' does not exist on type 'ErrorBoundary'.
components/ErrorBoundary.tsx(47,21): error TS2339: Property 'state' does not exist on type 'ErrorBoundary'.
components/ErrorBoundary.tsx(69,17): error TS2339: Property 'props' does not exist on type 'ErrorBoundary'.
src/__tests__/appReducer.test.ts(1,10): error TS2614: Module '"../../App"' has no exported member 'appReducer'. Did you mean to use 'import appReducer from "../../App"' instead?
src/__tests__/appReducer.test.ts(1,22): error TS2614: Module '"../../App"' has no exported member 'initialAppState'. Did you mean to use 'import initialAppState from "../../App"' instead?
